../Core/Src/main.c:49:6:RNG_Init	8	static
../Core/Src/main.c:55:6:ClearField	16	static
../Core/Src/main.c:63:6:PlaceMines	16	static
../Core/Src/main.c:81:9:CountAdjacentMines	24	static
../Core/Src/main.c:106:6:CalculateNumbers	24	static
../Core/Src/main.c:119:6:GenerateMinefield	16	static
../Core/Src/main.c:134:6:PrintMinefield	16	static
../Core/Src/main.c:159:6:ProcessMineCommand	16	static
../Core/Src/main.c:179:5:main	64	static
../Core/Src/main.c:223:9:Calculate_XOR_Checksum	24	static
../Core/Src/main.c:234:6:SystemClock_Config	80	static
../Core/Src/main.c:256:13:MX_USART2_UART_Init	8	static
../Core/Src/main.c:269:13:MX_GPIO_Init	16	static
../Core/Src/main.c:274:6:Error_Handler	8	static,ignoring_inline_asm
