../Core/Src/main.c:85:9:XOR_Checksum	24	static
../Core/Src/main.c:93:6:RNG_Init	8	static
../Core/Src/main.c:99:6:ClearOpened	16	static
../Core/Src/main.c:107:6:ClearField	16	static
../Core/Src/main.c:114:6:PlaceMines	16	static
../Core/Src/main.c:129:9:CountAdjacent	24	static
../Core/Src/main.c:145:6:GenerateMinefield	32	static
../Core/Src/main.c:169:6:FloodOpen	24	static
../Core/Src/main.c:190:6:SendError	16	static
../Core/Src/main.c:199:6:SendMinefieldResponse	24	static
../Core/Src/main.c:214:6:SendClickResponse	32	static
../Core/Src/main.c:238:6:SendTimer	32	static
../Core/Src/main.c:247:6:HandleMinefield	16	static
../Core/Src/main.c:253:6:HandleClick	40	static
../Core/Src/main.c:281:6:HandleAbort	8	static
../Core/Src/main.c:289:6:ProcessPacket	32	static
../Core/Src/main.c:307:6:UART_Task	16	static
../Core/Src/main.c:331:6:HAL_TIM_PeriodElapsedCallback	16	static
../Core/Src/main.c:341:5:main	8	static
../Core/Src/main.c:359:6:SystemClock_Config	80	static
../Core/Src/main.c:374:13:MX_USART2_UART_Init	8	static
../Core/Src/main.c:385:13:MX_GPIO_Init	16	static
../Core/Src/main.c:390:13:MX_TIM2_Init	8	static
../Core/Src/main.c:399:6:Error_Handler	8	static,ignoring_inline_asm
