../Core/Src/main.c:59:9:XOR_Checksum	24	static
../Core/Src/main.c:68:6:RNG_Init	8	static
../Core/Src/main.c:70:6:ClearField	16	static
../Core/Src/main.c:77:6:PlaceMines	16	static
../Core/Src/main.c:92:9:CountAdjacent	24	static
../Core/Src/main.c:107:6:GenerateMinefield	32	static
../Core/Src/main.c:125:6:SendError	16	static
../Core/Src/main.c:135:6:SendMinefieldResponse	24	static
../Core/Src/main.c:152:6:HandleMinefield	24	static
../Core/Src/main.c:168:6:ProcessPacket	24	static
../Core/Src/main.c:189:6:UART_Task	16	static
../Core/Src/main.c:210:5:main	8	static
../Core/Src/main.c:230:6:SystemClock_Config	80	static
../Core/Src/main.c:252:13:MX_USART2_UART_Init	8	static
../Core/Src/main.c:265:13:MX_GPIO_Init	16	static
../Core/Src/main.c:270:6:Error_Handler	8	static,ignoring_inline_asm
