../Core/Src/main.c:48:6:RNG_Init	8	static
../Core/Src/main.c:54:6:ClearField	16	static
../Core/Src/main.c:62:6:PlaceMines	16	static
../Core/Src/main.c:78:6:GenerateMinefield	16	static
../Core/Src/main.c:92:6:PrintMinefield	16	static
../Core/Src/main.c:108:6:ProcessMineCommand	16	static
../Core/Src/main.c:126:5:main	64	static
../Core/Src/main.c:166:9:Calculate_XOR_Checksum	24	static
../Core/Src/main.c:178:6:SystemClock_Config	80	static
../Core/Src/main.c:199:13:MX_USART2_UART_Init	8	static
../Core/Src/main.c:217:13:MX_GPIO_Init	16	static
../Core/Src/main.c:225:6:Error_Handler	8	static,ignoring_inline_asm
