12:44:53 **** Incremental Build of configuration Debug for project STM32_NOW ****
make -j8 all 
arm-none-eabi-gcc "../Core/Src/main.c" -mcpu=cortex-m0 -std=gnu11 -g3 -DDEBUG -DUSE_HAL_DRIVER -DSTM32F051x8 -c -I../Core/Inc -I../Drivers/STM32F0xx_HAL_Driver/Inc -I../Drivers/STM32F0xx_HAL_Driver/Inc/Legacy -I../Drivers/CMSIS/Device/ST/STM32F0xx/Include -I../Drivers/CMSIS/Include -O0 -ffunction-sections -fdata-sections -Wall -fstack-usage -fcyclomatic-complexity -MMD -MP -MF"Core/Src/main.d" -MT"Core/Src/main.o" --specs=nano.specs -mfloat-abi=soft -mthumb -o "Core/Src/main.o"
arm-none-eabi-gcc -o "STM32_NOW.elf" @"objects.list"   -mcpu=cortex-m0 -T"C:\Users\User\Desktop\Minesweeper_student_practice\STM32_NOW\STM32F051R8TX_FLASH.ld" --specs=nosys.specs -Wl,-Map="STM32_NOW.map" -Wl,--gc-sections -static --specs=nano.specs -mfloat-abi=soft -mthumb -Wl,--start-group -lc -lm -Wl,--end-group
Finished building target: STM32_NOW.elf
 
arm-none-eabi-size  STM32_NOW.elf 
arm-none-eabi-objdump -h -S STM32_NOW.elf  > "STM32_NOW.list"
   text	   data	    bss	    dec	    hex	filename
  12012	     92	   2204	  14308	   37e4	STM32_NOW.elf
Finished building: default.size.stdout
 
Finished building: STM32_NOW.list
 

12:44:54 Build Finished. 0 errors, 0 warnings. (took 777ms)

